../Core/Src/main.c:82:5:main	8	static
../Core/Src/main.c:166:6:SystemClock_Config	88	static
../Core/Src/main.c:213:13:MX_TIM2_Init	32	static
../Core/Src/main.c:258:13:MX_USART2_UART_Init	8	static
../Core/Src/main.c:291:13:MX_GPIO_Init	48	static
../Core/Src/main.c:325:6:configureTimerForRunTimeStats	4	static
../Core/Src/main.c:330:15:getRunTimeCounterValue	4	static
../Core/Src/main.c:336:6:vApplicationIdleHook	4	static
../Core/Src/main.c:353:6:vApplicationTickHook	4	static
../Core/Src/main.c:364:6:vApplicationStackOverflowHook	24	static,ignoring_inline_asm
../Core/Src/main.c:386:6:StartDefaultTask	16	static
../Core/Src/main.c:405:6:HAL_TIM_PeriodElapsedCallback	16	static
../Core/Src/main.c:426:6:Error_Handler	4	static,ignoring_inline_asm
